// Jest Snapshot v1, https://goo.gl/fbAQLP

exports[`Login Page should render a loginPage Component 1`] = `
<div
  className="box-layout"
>
  <div
    className="box-layout__box"
  >
    <h1
      className="box-layout__title"
    >
      MyReactApp
    </h1>
    <p>
      Write app subtitle here.
    </p>
    <button
      className="button"
      onClick={[MockFunction]}
    >
      Login With Google
    </button>
  </div>
</div>
`;
